// Jest Snapshot v1, https://goo.gl/fbAQLP

exports[`Options techs && techMap js & css 1`] = `
"[(
(require('./common.blocks/button/button.js').default || require('./common.blocks/button/button.js')).applyDecls()
),require('./common.blocks/button/button.css')][0]"
`;

exports[`Options techs && techMap only ts 1`] = `
"[(
require('./common.blocks/button/button.ts'),
(require('./desktop.blocks/button/button.ts').default || require('./desktop.blocks/button/button.ts')).applyDecls()
)][0]"
`;
